MPLINK 5.09, LINKER
Linker Map File - Created Thu Jan 21 16:39:20 2021

                                 Section Info
                  Section       Type    Address   Location Size(Bytes)
                ---------  ---------  ---------  ---------  ---------
                   .org_0       code   0x000000    program   0x000042
                   .cinit    romdata   0x000042    program   0x000002
.config_300000_BUILD/DEFAULT/PRODUCTION/CONTADO    romdata   0x300000    program   0x000001
.config_300001_BUILD/DEFAULT/PRODUCTION/CONTADO    romdata   0x300001    program   0x000001
.config_300002_BUILD/DEFAULT/PRODUCTION/CONTADO    romdata   0x300002    program   0x000001
.config_300003_BUILD/DEFAULT/PRODUCTION/CONTADO    romdata   0x300003    program   0x000001
.config_300005_BUILD/DEFAULT/PRODUCTION/CONTADO    romdata   0x300005    program   0x000001
.config_300006_BUILD/DEFAULT/PRODUCTION/CONTADO    romdata   0x300006    program   0x000001
.config_300008_BUILD/DEFAULT/PRODUCTION/CONTADO    romdata   0x300008    program   0x000001
.config_300009_BUILD/DEFAULT/PRODUCTION/CONTADO    romdata   0x300009    program   0x000001
.config_30000A_BUILD/DEFAULT/PRODUCTION/CONTADO    romdata   0x30000a    program   0x000001
.config_30000B_BUILD/DEFAULT/PRODUCTION/CONTADO    romdata   0x30000b    program   0x000001
.config_30000C_BUILD/DEFAULT/PRODUCTION/CONTADO    romdata   0x30000c    program   0x000001
.config_30000D_BUILD/DEFAULT/PRODUCTION/CONTADO    romdata   0x30000d    program   0x000001



                              Program Memory Usage 
                               Start         End      
                           ---------   ---------      
                            0x000000    0x000043      
                            0x300000    0x300003      
                            0x300005    0x300006      
                            0x300008    0x30000d      
            80 out of 33048 program addresses used, program memory utilization is 0%



                              Symbols - Sorted by Name
                     Name    Address   Location    Storage File                     
                ---------  ---------  ---------  --------- ---------                
                    BUCLE   0x00002e    program     static C:\Users\gerrr\MPLABXProjects\Practica5_contador_1s.X\contador_1s.asm
                   BUCLE2   0x00003a    program     static C:\Users\gerrr\MPLABXProjects\Practica5_contador_1s.X\contador_1s.asm
                   INICIO   0x00001e    program     static C:\Users\gerrr\MPLABXProjects\Practica5_contador_1s.X\contador_1s.asm
                   RET_1M   0x000036    program     static C:\Users\gerrr\MPLABXProjects\Practica5_contador_1s.X\contador_1s.asm
                   RET_1S   0x00002a    program     static C:\Users\gerrr\MPLABXProjects\Practica5_contador_1s.X\contador_1s.asm



                              Symbols - Sorted by Address
                     Name    Address   Location    Storage File                     
                ---------  ---------  ---------  --------- ---------                
                   INICIO   0x00001e    program     static C:\Users\gerrr\MPLABXProjects\Practica5_contador_1s.X\contador_1s.asm
                   RET_1S   0x00002a    program     static C:\Users\gerrr\MPLABXProjects\Practica5_contador_1s.X\contador_1s.asm
                    BUCLE   0x00002e    program     static C:\Users\gerrr\MPLABXProjects\Practica5_contador_1s.X\contador_1s.asm
                   RET_1M   0x000036    program     static C:\Users\gerrr\MPLABXProjects\Practica5_contador_1s.X\contador_1s.asm
                   BUCLE2   0x00003a    program     static C:\Users\gerrr\MPLABXProjects\Practica5_contador_1s.X\contador_1s.asm


