MPLINK 5.09, LINKER
Linker Map File - Created Mon Jan 25 00:44:21 2021

                                 Section Info
                  Section       Type    Address   Location Size(Bytes)
                ---------  ---------  ---------  ---------  ---------
                   .org_0       code   0x000000    program   0x0000de
                   .cinit    romdata   0x0000de    program   0x000002
.config_300000_BUILD/DEFAULT/PRODUCTION/MULTIPL    romdata   0x300000    program   0x000001
.config_300001_BUILD/DEFAULT/PRODUCTION/MULTIPL    romdata   0x300001    program   0x000001
.config_300002_BUILD/DEFAULT/PRODUCTION/MULTIPL    romdata   0x300002    program   0x000001
.config_300003_BUILD/DEFAULT/PRODUCTION/MULTIPL    romdata   0x300003    program   0x000001
.config_300005_BUILD/DEFAULT/PRODUCTION/MULTIPL    romdata   0x300005    program   0x000001
.config_300006_BUILD/DEFAULT/PRODUCTION/MULTIPL    romdata   0x300006    program   0x000001
.config_300008_BUILD/DEFAULT/PRODUCTION/MULTIPL    romdata   0x300008    program   0x000001
.config_300009_BUILD/DEFAULT/PRODUCTION/MULTIPL    romdata   0x300009    program   0x000001
.config_30000A_BUILD/DEFAULT/PRODUCTION/MULTIPL    romdata   0x30000a    program   0x000001
.config_30000B_BUILD/DEFAULT/PRODUCTION/MULTIPL    romdata   0x30000b    program   0x000001
.config_30000C_BUILD/DEFAULT/PRODUCTION/MULTIPL    romdata   0x30000c    program   0x000001
.config_30000D_BUILD/DEFAULT/PRODUCTION/MULTIPL    romdata   0x30000d    program   0x000001



                              Program Memory Usage 
                               Start         End      
                           ---------   ---------      
                            0x000000    0x0000df      
                            0x300000    0x300003      
                            0x300005    0x300006      
                            0x300008    0x30000d      
            236 out of 33048 program addresses used, program memory utilization is 0%



                              Symbols - Sorted by Name
                     Name    Address   Location    Storage File                     
                ---------  ---------  ---------  --------- ---------                
                    BUCLE   0x0000c4    program     static C:\Users\gerrr\MPLABXProjects\Practica6_contador_7seg.X\multiplexor.asm
                   BUCLE2   0x0000d0    program     static C:\Users\gerrr\MPLABXProjects\Practica6_contador_7seg.X\multiplexor.asm
                  CONT_DE   0x000068    program     static C:\Users\gerrr\MPLABXProjects\Practica6_contador_7seg.X\multiplexor.asm
                  CON_HEX   0x0000a4    program     static C:\Users\gerrr\MPLABXProjects\Practica6_contador_7seg.X\multiplexor.asm
                  CON_OCT   0x000086    program     static C:\Users\gerrr\MPLABXProjects\Practica6_contador_7seg.X\multiplexor.asm
                  DEC_HEX   0x0000ba    program     static C:\Users\gerrr\MPLABXProjects\Practica6_contador_7seg.X\multiplexor.asm
                  INC_DEC   0x000080    program     static C:\Users\gerrr\MPLABXProjects\Practica6_contador_7seg.X\multiplexor.asm
                  INC_OCT   0x00009e    program     static C:\Users\gerrr\MPLABXProjects\Practica6_contador_7seg.X\multiplexor.asm
                  INI_DEC   0x00006a    program     static C:\Users\gerrr\MPLABXProjects\Practica6_contador_7seg.X\multiplexor.asm
                  INI_OCT   0x000088    program     static C:\Users\gerrr\MPLABXProjects\Practica6_contador_7seg.X\multiplexor.asm
                   PREG_0   0x000040    program     static C:\Users\gerrr\MPLABXProjects\Practica6_contador_7seg.X\multiplexor.asm
                   PREG_1   0x00004a    program     static C:\Users\gerrr\MPLABXProjects\Practica6_contador_7seg.X\multiplexor.asm
                   PREG_2   0x000054    program     static C:\Users\gerrr\MPLABXProjects\Practica6_contador_7seg.X\multiplexor.asm
                   PREG_3   0x00005e    program     static C:\Users\gerrr\MPLABXProjects\Practica6_contador_7seg.X\multiplexor.asm
                  RESET_P   0x0000d8    program     static C:\Users\gerrr\MPLABXProjects\Practica6_contador_7seg.X\multiplexor.asm
                   RET_1M   0x0000cc    program     static C:\Users\gerrr\MPLABXProjects\Practica6_contador_7seg.X\multiplexor.asm
                   RET_1S   0x0000c0    program     static C:\Users\gerrr\MPLABXProjects\Practica6_contador_7seg.X\multiplexor.asm
                   SEGUIR   0x0000a8    program     static C:\Users\gerrr\MPLABXProjects\Practica6_contador_7seg.X\multiplexor.asm
                    TABLA   0x00001e    program     static C:\Users\gerrr\MPLABXProjects\Practica6_contador_7seg.X\multiplexor.asm



                              Symbols - Sorted by Address
                     Name    Address   Location    Storage File                     
                ---------  ---------  ---------  --------- ---------                
                    TABLA   0x00001e    program     static C:\Users\gerrr\MPLABXProjects\Practica6_contador_7seg.X\multiplexor.asm
                   PREG_0   0x000040    program     static C:\Users\gerrr\MPLABXProjects\Practica6_contador_7seg.X\multiplexor.asm
                   PREG_1   0x00004a    program     static C:\Users\gerrr\MPLABXProjects\Practica6_contador_7seg.X\multiplexor.asm
                   PREG_2   0x000054    program     static C:\Users\gerrr\MPLABXProjects\Practica6_contador_7seg.X\multiplexor.asm
                   PREG_3   0x00005e    program     static C:\Users\gerrr\MPLABXProjects\Practica6_contador_7seg.X\multiplexor.asm
                  CONT_DE   0x000068    program     static C:\Users\gerrr\MPLABXProjects\Practica6_contador_7seg.X\multiplexor.asm
                  INI_DEC   0x00006a    program     static C:\Users\gerrr\MPLABXProjects\Practica6_contador_7seg.X\multiplexor.asm
                  INC_DEC   0x000080    program     static C:\Users\gerrr\MPLABXProjects\Practica6_contador_7seg.X\multiplexor.asm
                  CON_OCT   0x000086    program     static C:\Users\gerrr\MPLABXProjects\Practica6_contador_7seg.X\multiplexor.asm
                  INI_OCT   0x000088    program     static C:\Users\gerrr\MPLABXProjects\Practica6_contador_7seg.X\multiplexor.asm
                  INC_OCT   0x00009e    program     static C:\Users\gerrr\MPLABXProjects\Practica6_contador_7seg.X\multiplexor.asm
                  CON_HEX   0x0000a4    program     static C:\Users\gerrr\MPLABXProjects\Practica6_contador_7seg.X\multiplexor.asm
                   SEGUIR   0x0000a8    program     static C:\Users\gerrr\MPLABXProjects\Practica6_contador_7seg.X\multiplexor.asm
                  DEC_HEX   0x0000ba    program     static C:\Users\gerrr\MPLABXProjects\Practica6_contador_7seg.X\multiplexor.asm
                   RET_1S   0x0000c0    program     static C:\Users\gerrr\MPLABXProjects\Practica6_contador_7seg.X\multiplexor.asm
                    BUCLE   0x0000c4    program     static C:\Users\gerrr\MPLABXProjects\Practica6_contador_7seg.X\multiplexor.asm
                   RET_1M   0x0000cc    program     static C:\Users\gerrr\MPLABXProjects\Practica6_contador_7seg.X\multiplexor.asm
                   BUCLE2   0x0000d0    program     static C:\Users\gerrr\MPLABXProjects\Practica6_contador_7seg.X\multiplexor.asm
                  RESET_P   0x0000d8    program     static C:\Users\gerrr\MPLABXProjects\Practica6_contador_7seg.X\multiplexor.asm


